TYPE          STATUS      SLUG                    TITLE
luma/project              PROJECT                 Example
work-item     idea        payments-v2             Payments v2
outcome       unverified  the-retry-queue-drains  The retry queue drains
task          todo        add-the-retry-queue     Add the retry queue
work-item     idea        search-relevance        Search relevance
