[
  {
    "path": "backlog/work-items/WORK-0001-payments-v2/index.md",
    "type": "work-item",
    "key": "WORK-0001",
    "ref": "WORK-0001-payments-v2",
    "slug": "WORK-0001-payments-v2",
    "title": "Payments v2",
    "status": "captured",
    "work_item": "WORK-0001-payments-v2"
  },
  {
    "path": "backlog/work-items/WORK-0001-payments-v2/outcomes/the-retry-queue-drains.md",
    "type": "outcome",
    "ref": "the-retry-queue-drains",
    "slug": "the-retry-queue-drains",
    "title": "The retry queue drains",
    "status": "unverified",
    "work_item": "WORK-0001-payments-v2"
  },
  {
    "path": "backlog/work-items/WORK-0001-payments-v2/tasks/add-the-retry-queue.md",
    "type": "task",
    "ref": "add-the-retry-queue",
    "slug": "add-the-retry-queue",
    "title": "Add the retry queue",
    "status": "todo",
    "work_item": "WORK-0001-payments-v2"
  },
  {
    "path": "backlog/work-items/WORK-0002-search-relevance/index.md",
    "type": "work-item",
    "key": "WORK-0002",
    "ref": "WORK-0002-search-relevance",
    "slug": "WORK-0002-search-relevance",
    "title": "Search relevance",
    "status": "captured",
    "work_item": "WORK-0002-search-relevance"
  }
]
