[
  {
    "path": "backlog/work-items/WORK-0001-payments-v2/outcomes/the-retry-queue-drains.md",
    "type": "outcome",
    "name": "the-retry-queue-drains",
    "slug": "the-retry-queue-drains",
    "title": "The retry queue drains",
    "status": "unverified",
    "work_item": "WORK-0001-payments-v2"
  }
]
