[
  {
    "path": "backlog/work-items/WORK-0001-payments-v2/index.md",
    "type": "work-item",
    "key": "WORK-0001",
    "name": "WORK-0001-payments-v2",
    "slug": "WORK-0001-payments-v2",
    "title": "Payments v2",
    "completion": {
      "proven": 0,
      "live": 1
    },
    "created": {
      "by": "agent:test",
      "at": "2026-08-09T12:00:00Z"
    },
    "status": "captured",
    "work_item": "WORK-0001-payments-v2"
  },
  {
    "path": "backlog/work-items/WORK-0002-search-relevance/index.md",
    "type": "work-item",
    "key": "WORK-0002",
    "name": "WORK-0002-search-relevance",
    "slug": "WORK-0002-search-relevance",
    "title": "Search relevance",
    "completion": {
      "proven": 0,
      "live": 0
    },
    "created": {
      "by": "agent:test",
      "at": "2026-08-09T12:00:00Z"
    },
    "status": "captured",
    "work_item": "WORK-0002-search-relevance"
  }
]
