{
  "path": "deliverables/payments-v2/outcomes/the-retry-queue-drains.md",
  "type": "outcome",
  "slug": "the-retry-queue-drains",
  "title": "The retry queue drains",
  "status": "unverified",
  "deliverable": "payments-v2",
  "hash": "aea3565b6d09a55af976cda70c6cfccf6f93ce837f9b21cd6d47245cb15a83bb",
  "fields": {
    "created": {
      "at": "2026-08-09T12:00:00Z",
      "by": "agent:test"
    },
    "deliverable": "[[deliverables/payments-v2]]",
    "desired_state": "",
    "lifecycle_status": "draft",
    "title": "The retry queue drains",
    "type": "outcome",
    "verify_by": ""
  },
  "body": "# The retry queue drains\n\nWhy this matters, and anything needed to read the check correctly.\n"
}
